<html>
<body>
<pre>
<h1>µVision Build Log</h1>
<h2>Tool Versions:</h2>
IDE-Version: ¦ÌVision V5.24.2.0
Copyright (C) 2017 ARM Ltd and ARM Germany GmbH. All rights reserved.
License Information: 1 1023178387@qq.com, 1, LIC=JDA0P-MF302-D3AM3-A158E-LB2K6-42EQJ
 
Tool Versions:
Toolchain:       MDK-ARM Professional  Version: 5.24.1
Toolchain Path:  C:\ForEden\KEIL\ARM\ARMCC\Bin
C Compiler:      Armcc.exe V5.06 update 5 (build 528)
Assembler:       Armasm.exe V5.06 update 5 (build 528)
Linker/Locator:  ArmLink.exe V5.06 update 5 (build 528)
Library Manager: ArmAr.exe V5.06 update 5 (build 528)
Hex Converter:   FromElf.exe V5.06 update 5 (build 528)
CPU DLL:         SARMCM3.DLL V5.24.1
Dialog DLL:      DARMSTM.DLL V1.68.0.0
Target DLL:      Segger\JL2CM3.dll V2.99.26.0
Dialog DLL:      TARMSTM.DLL V1.66.0.0
 
<h2>Project:</h2>
E:\Code\EmbeddedSoftwareCode\Lider_Delta2A\Delta_2A_mcu_demo(STM32f103C8)\Keil\mcu_sdk_demo.uvprojx
Project File Date:  06/30/2020

<h2>Output:</h2>
*** Using Compiler 'V5.06 update 5 (build 528)', folder: 'C:\ForEden\KEIL\ARM\ARMCC\Bin'
Build target 'delta_2b'
compiling stm32f10x_it.c...
compiling main.c...
..\Source\App\main.c(18): warning:  #177-D: variable "i"  was declared but never referenced
  	uint16_t i=0;
..\Source\App\main.c: 1 warning, 0 errors
linking...
Program Size: Code=7060 RO-data=340 RW-data=24 ZI-data=15504  
FromELF: creating hex file...
".\Objects\mcu_sdk_demo.axf" - 0 Error(s), 1 Warning(s).

<h2>Software Packages used:</h2>

Package Vendor: Keil
                http://www.keil.com/pack/Keil.STM32F1xx_DFP.2.3.0.pack
                Keil.STM32F1xx_DFP.2.3.0
                STMicroelectronics STM32F1 Series Device Support, Drivers and Examples

<h2>Collection of Component include folders:</h2>
  .\RTE\_delta_2b
  C:\ForEden\KEIL\ARM\PACK\Keil\STM32F1xx_DFP\2.3.0\Device\Include

<h2>Collection of Component Files used:</h2>
Build Time Elapsed:  00:00:01
</pre>
</body>
</html>
